// Jest Snapshot v1, https://goo.gl/fbAQLP

exports[`application renders 1`] = `"<h1>Hello React</h1>"`;
